// Bun Snapshot v1, https://bun.sh/docs/test/snapshots

exports[`Compiler: code blocks should render code blocks in body and escape correctly 1`] = `
"<?xml version="1.0" encoding="UTF-8"?>
<qti-assessment-item
    xmlns="http://www.imsglobal.org/xsd/imsqtiasi_v3p0"
    xmlns:xsi="http://www.w3.org/2001/XMLSchema-instance"
    xsi:schemaLocation="http://www.imsglobal.org/xsd/imsqtiasi_v3p0 https://purl.imsglobal.org/spec/qti/v3p0/schema/xsd/imsqti_asiv3p0p1_v1p0.xsd http://www.w3.org/1998/Math/MathML https://purl.imsglobal.org/spec/mathml/v3p0/schema/xsd/mathml3.xsd"
    identifier="code-block-item"
    title="Code Block Support"
    time-dependent="false"
    xml:lang="en-US">
    <qti-response-declaration identifier="RESPONSE_TE" cardinality="single" base-type="string">
        <qti-correct-response>
            <qti-value>ok</qti-value>
        </qti-correct-response>
        <qti-mapping default-value="0">
            <qti-map-entry map-key="ok" mapped-value="1"/>
        </qti-mapping>
    </qti-response-declaration>
    <qti-outcome-declaration identifier="SCORE" cardinality="single" base-type="float">
        <qti-default-value><qti-value>0</qti-value></qti-default-value>
    </qti-outcome-declaration>
    <qti-outcome-declaration identifier="FEEDBACK__RESPONSE_TE" cardinality="single" base-type="identifier"/>
    <qti-item-body>
        <p>Below is code:</p>
        <pre><code>for i in range(3):
  print(i &lt; 5)</code></pre>
        <qti-feedback-block outcome-identifier="FEEDBACK__RESPONSE_TE" identifier="CORRECT" show-hide="show">
            <qti-content-body><p>Correct</p></qti-content-body>
        </qti-feedback-block>
        <qti-feedback-block outcome-identifier="FEEDBACK__RESPONSE_TE" identifier="INCORRECT" show-hide="show">
            <qti-content-body><p>Incorrect</p></qti-content-body>
        </qti-feedback-block>
    </qti-item-body>
    <qti-response-processing>
        
    <qti-response-condition>
        <qti-response-if>
            <qti-match>
                <qti-variable identifier="RESPONSE_TE"/>
                <qti-correct identifier="RESPONSE_TE"/>
            </qti-match>
            <qti-set-outcome-value identifier="FEEDBACK__RESPONSE_TE">
                <qti-base-value base-type="identifier">CORRECT</qti-base-value>
            </qti-set-outcome-value>
        </qti-response-if>
        <qti-response-else>
            <qti-set-outcome-value identifier="FEEDBACK__RESPONSE_TE">
                <qti-base-value base-type="identifier">INCORRECT</qti-base-value>
            </qti-set-outcome-value>
        </qti-response-else>
    </qti-response-condition>
    <qti-response-condition>
        <qti-response-if>
            <qti-and>
                <qti-match><qti-variable identifier="RESPONSE_TE"/><qti-correct identifier="RESPONSE_TE"/></qti-match>
            </qti-and>
            <qti-set-outcome-value identifier="SCORE"><qti-base-value base-type="float">1.0</qti-base-value></qti-set-outcome-value>
        </qti-response-if>
        <qti-response-else>
            <qti-set-outcome-value identifier="SCORE"><qti-base-value base-type="float">0.0</qti-base-value></qti-set-outcome-value>
        </qti-response-else>
    </qti-response-condition>
    </qti-response-processing>
</qti-assessment-item>"
`;
